{
  "documentNumber": "10000",
  "consumer": "Marko Boikov Tsvetkov",
  "reference": 1,
  "totalAmount": 100.87,
  "lines": [
    {
      "index": 1,
      "quantity": 66.12,
      "lineStart": "2021-01-01T12:00:00Z",
      "lineEnd": "2021-02-27T21:59:59Z",
      "product": "gas",
      "price": 0.7,
      "priceList": 1,
      "amount": 23.68
    },
    {
      "index": 2,
      "quantity": 20.88,
      "lineStart": "2021-02-27T22:00:01Z",
      "lineEnd": "2021-03-17T13:19:59Z",
      "product": "gas",
      "price": 1.4,
      "priceList": 1,
      "amount": 14.96
    }
  ]
}